src/lib/queries/follows.ts(17,10): error TS2769: No overload matches this call.
  Overload 1 of 2, '(values: never, options?: { count?: "exact" | "planned" | "estimated" | undefined; } | undefined): PostgrestFilterBuilder<{ PostgrestVersion: "12"; }, never, never, null, "follows", never, "POST">', gave the following error.
    Argument of type '{ user_id: string; nganya_id: string; notify_live: boolean; }' is not assignable to parameter of type 'never'.
  Overload 2 of 2, '(values: never[], options?: { count?: "exact" | "planned" | "estimated" | undefined; defaultToNull?: boolean | undefined; } | undefined): PostgrestFilterBuilder<{ PostgrestVersion: "12"; }, never, never, null, "follows", never, "POST">', gave the following error.
    Object literal may only specify known properties, and 'user_id' does not exist in type 'never[]'.
src/lib/queries/sightings.ts(34,10): error TS2769: No overload matches this call.
  Overload 1 of 2, '(values: never, options?: { count?: "exact" | "planned" | "estimated" | undefined; } | undefined): PostgrestFilterBuilder<{ PostgrestVersion: "12"; }, never, never, null, "sightings", never, "POST">', gave the following error.
    Argument of type '{ user_id: string; nganya_id: string; corridor_id: string; location: any; direction?: string; note?: string; media_urls?: string[]; }' is not assignable to parameter of type 'never'.
  Overload 2 of 2, '(values: never[], options?: { count?: "exact" | "planned" | "estimated" | undefined; defaultToNull?: boolean | undefined; } | undefined): PostgrestFilterBuilder<{ PostgrestVersion: "12"; }, never, never, null, "sightings", never, "POST">', gave the following error.
    Object literal may only specify known properties, and 'user_id' does not exist in type 'never[]'.
src/lib/queries/sightings.ts(51,10): error TS2769: No overload matches this call.
  Overload 1 of 2, '(values: never, options?: { onConflict?: string | undefined; ignoreDuplicates?: boolean | undefined; count?: "exact" | "planned" | "estimated" | undefined; } | undefined): PostgrestFilterBuilder<{ ...; }, ... 5 more ..., "POST">', gave the following error.
    Argument of type '{ sighting_id: string; user_id: string; vote: "SEEN" | "CAP" | "DIFF_ROUTE"; }' is not assignable to parameter of type 'never'.
  Overload 2 of 2, '(values: never[], options?: { onConflict?: string | undefined; ignoreDuplicates?: boolean | undefined; count?: "exact" | "planned" | "estimated" | undefined; defaultToNull?: boolean | undefined; } | undefined): PostgrestFilterBuilder<...>', gave the following error.
    Object literal may only specify known properties, and 'sighting_id' does not exist in type 'never[]'.
src/routes/index.tsx(12,47): error TS6133: 'vibeTagColors' is declared but its value is never read.
src/routes/profile.tsx(13,28): error TS6133: 'Eye' is declared but its value is never read.
src/routes/profile.tsx(13,33): error TS6133: 'Heart' is declared but its value is never read.
src/routes/spot.tsx(13,60): error TS6133: 'Image' is declared but its value is never read.
